TAP version 13
# Subtest: campaign readiness explains each recoverable control block and returns ready after the actual condition clears
ok 1 - campaign readiness explains each recoverable control block and returns ready after the actual condition clears
  ---
  duration_ms: 8.548167
  type: 'test'
  ...
# Subtest: control reason priority favors loading and authority before physical recovery without mutating inputs
ok 2 - control reason priority favors loading and authority before physical recovery without mutating inputs
  ---
  duration_ms: 0.423412
  type: 'test'
  ...
# Subtest: offline and nonhost inspection controls ignore irrelevant room flags but never bypass live authority
ok 3 - offline and nonhost inspection controls ignore irrelevant room flags but never bypass live authority
  ---
  duration_ms: 0.361977
  type: 'test'
  ...
# Subtest: target gates distinguish stale selection distance elevation acknowledgement and occlusion in recoverable order
ok 4 - target gates distinguish stale selection distance elevation acknowledgement and occlusion in recoverable order
  ---
  duration_ms: 0.517157
  type: 'test'
  ...
# (node:37659) ExperimentalWarning: stripTypeScriptTypes is an experimental feature and might change at any time
# (Use `node --trace-warnings ...` to show where the warning was created)
# Subtest: campaign main reports host, reconnect, terrain acknowledgement and path changes without changing state
ok 5 - campaign main reports host, reconnect, terrain acknowledgement and path changes without changing state
  ---
  duration_ms: 32.319705
  type: 'test'
  ...
# Subtest: restoration main explains refit host ownership without withholding ordinary guest field actions
ok 6 - restoration main explains refit host ownership without withholding ordinary guest field actions
  ---
  duration_ms: 16.891087
  type: 'test'
  ...
# Subtest: campaign dispatch returns recoverable rejection without queuing or spending and does not claim a refused queue entry
ok 7 - campaign dispatch returns recoverable rejection without queuing or spending and does not claim a refused queue entry
  ---
  duration_ms: 12.658712
  type: 'test'
  ...
# Subtest: accepted host snapshots immediately refresh each connected board without reopening or discarding drafts
ok 8 - accepted host snapshots immediately refresh each connected board without reopening or discarding drafts
  ---
  duration_ms: 78.613494
  type: 'test'
  ...
# Subtest: playable restoration practice returns synchronous readiness and kernel rejection to its current panel
ok 9 - playable restoration practice returns synchronous readiness and kernel rejection to its current panel
  ---
  duration_ms: 1.126861
  type: 'test'
  ...
# Subtest: live campaign feedback gate blocks dispatch even when the earlier pose gate still reports ready
ok 10 - live campaign feedback gate blocks dispatch even when the earlier pose gate still reports ready
  ---
  duration_ms: 10.393924
  type: 'test'
  ...
# Subtest: supply transfer reports synchronous transport rejection without claiming it was sent
ok 11 - supply transfer reports synchronous transport rejection without claiming it was sent
  ---
  duration_ms: 736.4833
  type: 'test'
  ...
# Subtest: supply transfer rechecks detailed readiness on click and refreshes restored host access
ok 12 - supply transfer rechecks detailed readiness on click and refreshes restored host access
  ---
  duration_ms: 279.896667
  type: 'test'
  ...
# Subtest: supply transfer retains no reply handler capable of changing a reopened board
ok 13 - supply transfer retains no reply handler capable of changing a reopened board
  ---
  duration_ms: 220.429592
  type: 'test'
  ...
# Subtest: care transfer reports synchronous transport rejection without claiming it was sent
ok 14 - care transfer reports synchronous transport rejection without claiming it was sent
  ---
  duration_ms: 6.870254
  type: 'test'
  ...
# Subtest: care transfer rechecks detailed readiness on click and refreshes restored host access
ok 15 - care transfer rechecks detailed readiness on click and refreshes restored host access
  ---
  duration_ms: 1.587584
  type: 'test'
  ...
# Subtest: care transfer retains no reply handler capable of changing a reopened board
ok 16 - care transfer retains no reply handler capable of changing a reopened board
  ---
  duration_ms: 0.503438
  type: 'test'
  ...
# Subtest: blocked supply click refreshes newly accepted cargo and host gate before returning
ok 17 - blocked supply click refreshes newly accepted cargo and host gate before returning
  ---
  duration_ms: 161.83855
  type: 'test'
  ...
# Subtest: blocked care click refreshes newly accepted biomass and host gate before returning
ok 18 - blocked care click refreshes newly accepted biomass and host gate before returning
  ---
  duration_ms: 6.899648
  type: 'test'
  ...
# (node:37679) ExperimentalWarning: The MockTimers API is an experimental feature and might change at any time
# (Use `node --trace-warnings ...` to show where the warning was created)
# Subtest: co-op exposes whether a campaign action is queued or awaiting its authoritative reply
ok 19 - co-op exposes whether a campaign action is queued or awaiting its authoritative reply
  ---
  duration_ms: 3.822414
  type: 'test'
  ...
# Subtest: pending action follows queued and in-flight work until an acknowledged unchanged model reply
ok 20 - pending action follows queued and in-flight work until an acknowledged unchanged model reply
  ---
  duration_ms: 619.634087
  type: 'test'
  ...
# Subtest: an older room reply cannot clear pending work and the next poll retries the exact action packet
ok 21 - an older room reply cannot clear pending work and the next poll retries the exact action packet
  ---
  duration_ms: 284.672056
  type: 'test'
  ...
# Subtest: lost replies retain pending work through reconnect and retry a detached byte-identical command
ok 22 - lost replies retain pending work through reconnect and retry a detached byte-identical command
  ---
  duration_ms: 256.916521
  type: 'test'
  ...
# Subtest: suspension drops unsent actions but retains sent work and its exact retry
ok 23 - suspension drops unsent actions but retains sent work and its exact retry
  ---
  duration_ms: 208.658211
  type: 'test'
  ...
# Subtest: disconnect clears pending state and a late response cannot resurrect a departed session
ok 24 - disconnect clears pending state and a late response cannot resurrect a departed session
  ---
  duration_ms: 126.831921
  type: 'test'
  ...
# Subtest: malformed workshop construction without town life cannot replace a confirmed co-op snapshot
ok 25 - malformed workshop construction without town life cannot replace a confirmed co-op snapshot
  ---
  duration_ms: 203.494094
  type: 'test'
  ...
# Subtest: malformed restoration care without town life cannot replace a confirmed co-op snapshot
ok 26 - malformed restoration care without town life cannot replace a confirmed co-op snapshot
  ---
  duration_ms: 271.151442
  type: 'test'
  ...
# Subtest: malformed town supply without town life cannot replace a confirmed co-op snapshot
ok 27 - malformed town supply without town life cannot replace a confirmed co-op snapshot
  ---
  duration_ms: 232.934132
  type: 'test'
  ...
# Subtest: snapshot certification retains valid old worlds and each new campaign overlay
ok 28 - snapshot certification retains valid old worlds and each new campaign overlay
  ---
  duration_ms: 1279.436224
  type: 'test'
  ...
# (node:37680) ExperimentalWarning: stripTypeScriptTypes is an experimental feature and might change at any time
# (Use `node --trace-warnings ...` to show where the warning was created)
# Subtest: actual main habitat care controls require achieved ground pose, nearby confirmed terrain, clear path and shared host
ok 29 - actual main habitat care controls require achieved ground pose, nearby confirmed terrain, clear path and shared host
  ---
  duration_ms: 512.839566
  type: 'test'
  ...
# Subtest: main care transfer dispatch rejects blocked input before reducers and routes accepted requests through authority
ok 30 - main care transfer dispatch rejects blocked input before reducers and routes accepted requests through authority
  ---
  duration_ms: 2.014199
  type: 'test'
  ...
# Subtest: care entry points, progress refresh, disposal and save dirtiness are wired into production main
ok 31 - care entry points, progress refresh, disposal and save dirtiness are wired into production main
  ---
  duration_ms: 1.70565
  type: 'test'
  ...
# (node:37693) ExperimentalWarning: stripTypeScriptTypes is an experimental feature and might change at any time
# (Use `node --trace-warnings ...` to show where the warning was created)
# Subtest: actual main restoration practice advances attack commitment to completion without changing campaign
ok 32 - actual main restoration practice advances attack commitment to completion without changing campaign
  ---
  duration_ms: 506.198028
  type: 'test'
  ...
# Subtest: actual main restoration practice advances guard commitment to completion without changing campaign
ok 33 - actual main restoration practice advances guard commitment to completion without changing campaign
  ---
  duration_ms: 47.730485
  type: 'test'
  ...
# Subtest: blocked restoration navigation preserves polling and usable controls
ok 34 - blocked restoration navigation preserves polling and usable controls
  ---
  duration_ms: 95.566256
  type: 'test'
  ...
# Subtest: restoration synchronous rejection and send exception immediately release request lock
ok 35 - restoration synchronous rejection and send exception immediately release request lock
  ---
  duration_ms: 53.397409
  type: 'test'
  ...
# Subtest: restoration per-command path gate is displayed and rechecked before sending
ok 36 - restoration per-command path gate is displayed and rechecked before sending
  ---
  duration_ms: 4.166049
  type: 'test'
  ...
# Subtest: restoration authority request settlement without revision change permits honest retry
ok 37 - restoration authority request settlement without revision change permits honest retry
  ---
  duration_ms: 20.399755
  type: 'test'
  ...
# Subtest: same-panel replacement invalidates restoration callbacks and late polls
ok 38 - same-panel replacement invalidates restoration callbacks and late polls
  ---
  duration_ms: 4.856704
  type: 'test'
  ...
# Subtest: synchronous restoration navigation during dispatch cannot paint the replacement panel
ok 39 - synchronous restoration navigation during dispatch cannot paint the replacement panel
  ---
  duration_ms: 4.408681
  type: 'test'
  ...
# Subtest: restoration recheck, unrelated revision and reopen retain the active transport gate
ok 40 - restoration recheck, unrelated revision and reopen retain the active transport gate
  ---
  duration_ms: 21.777522
  type: 'test'
  ...
# Subtest: restoration detailed ground and reconnect gates survive false readiness and stale clicks
ok 41 - restoration detailed ground and reconnect gates survive false readiness and stale clicks
  ---
  duration_ms: 16.791298
  type: 'test'
  ...
# Subtest: panel displays all field cells and exact compiled costs with pure kernel eligibility
ok 42 - panel displays all field cells and exact compiled costs with pure kernel eligibility
  ---
  duration_ms: 42.503255
  type: 'test'
  ...
# Subtest: pending authority locks repeat clicks and stale handlers; revision changes unlock on live polling
ok 43 - pending authority locks repeat clicks and stale handlers; revision changes unlock on live polling
  ---
  duration_ms: 15.679978
  type: 'test'
  ...
# Subtest: source and target selection node identities and drafts survive live polling and simulation updates
ok 44 - source and target selection node identities and drafts survive live polling and simulation updates
  ---
  duration_ms: 19.716473
  type: 'test'
  ...
# Subtest: actual range, incapacity, readiness and changed-world gates block intents
ok 45 - actual range, incapacity, readiness and changed-world gates block intents
  ---
  duration_ms: 6.928717
  type: 'test'
  ...
# Subtest: defaults and cancel only stage, refit exchanges real stock and finite service is truthful
ok 46 - defaults and cancel only stage, refit exchanges real stock and finite service is truthful
  ---
  duration_ms: 28.217062
  type: 'test'
  ...
# Subtest: close and old timer callbacks cannot mutate or invoke later navigation; text is escaped
ok 47 - close and old timer callbacks cannot mutate or invoke later navigation; text is escaped
  ---
  duration_ms: 5.052984
  type: 'test'
  ...
# Subtest: sources contain only explicit buttons and no persistence or campaign mutation dependencies
ok 48 - sources contain only explicit buttons and no persistence or campaign mutation dependencies
  ---
  duration_ms: 1.946603
  type: 'test'
  ...
# (node:37715) ExperimentalWarning: stripTypeScriptTypes is an experimental feature and might change at any time
# (Use `node --trace-warnings ...` to show where the warning was created)
# Subtest: actual main town supply gates load and delivery on actual ground, range, terrain acknowledgement, host and clear path
ok 49 - actual main town supply gates load and delivery on actual ground, range, terrain acknowledgement, host and clear path
  ---
  duration_ms: 340.219003
  type: 'test'
  ...
# Subtest: actual town supply dispatch gates before reducers and preserves solo versus online authority
ok 50 - actual town supply dispatch gates before reducers and preserves solo versus online authority
  ---
  duration_ms: 5.933242
  type: 'test'
  ...
# Subtest: actual cargo HUD reports the conserved load and real workshop distance and hides empty or isolated lab stock
ok 51 - actual cargo HUD reports the conserved load and real workshop distance and hides empty or isolated lab stock
  ---
  duration_ms: 6.070766
  type: 'test'
  ...
# Subtest: town supply retains normal town service and scrap interaction while wiring refresh, save dirtiness and developer access
ok 52 - town supply retains normal town service and scrap interaction while wiring refresh, save dirtiness and developer access
  ---
  duration_ms: 1.473456
  type: 'test'
  ...
# Subtest: workshop exposes exact current host or movement blocker and recovers readiness without sending commands
ok 53 - workshop exposes exact current host or movement blocker and recovers readiness without sending commands
  ---
  duration_ms: 95.701497
  type: 'test'
  ...
# Subtest: synchronous rejected build reports false or the exact rejection reason without claiming dispatch or changing the plan
ok 54 - synchronous rejected build reports false or the exact rejection reason without claiming dispatch or changing the plan
  ---
  duration_ms: 50.638941
  type: 'test'
  ...
# Subtest: paid repair rejection preserves earned workshop and exposes the dispatcher reason
ok 55 - paid repair rejection preserves earned workshop and exposes the dispatcher reason
  ---
  duration_ms: 32.161382
  type: 'test'
  ...
# Subtest: a rejection between polls refreshes finite stock and disabled actions without discarding unapplied recipe fields
ok 56 - a rejection between polls refreshes finite stock and disabled actions without discarding unapplied recipe fields
  ---
  duration_ms: 59.416358
  type: 'test'
  ...
# Subtest: dismiss and reopen retires old controls and reads fresh stock and readiness
ok 57 - dismiss and reopen retires old controls and reads fresh stock and readiness
  ---
  duration_ms: 35.818036
  type: 'test'
  ...
# Subtest: a null explanatory blocker never bypasses the existing readiness safety gate
ok 58 - a null explanatory blocker never bypasses the existing readiness safety gate
  ---
  duration_ms: 16.816144
  type: 'test'
  ...
# (node:37729) ExperimentalWarning: stripTypeScriptTypes is an experimental feature and might change at any time
# (Use `node --trace-warnings ...` to show where the warning was created)
# Subtest: actual main workshop synchronization preserves readiness, zone and lab gates
ok 59 - actual main workshop synchronization preserves readiness, zone and lab gates
  ---
  duration_ms: 2.111928
  type: 'test'
  ...
# Subtest: main campaign workshop is wired into persistence, acknowledged physics and reachable interaction entry points
ok 60 - main campaign workshop is wired into persistence, acknowledged physics and reachable interaction entry points
  ---
  duration_ms: 1.899988
  type: 'test'
  ...
# Subtest: actual main acknowledgement prefix ignores stale epochs and rejected or superseded workshop packets
ok 61 - actual main acknowledgement prefix ignores stale epochs and rejected or superseded workshop packets
  ---
  duration_ms: 0.910973
  type: 'test'
  ...
# Subtest: actual main initial and zone packets stage workshop geometry without confirming it before worker ready
ok 62 - actual main initial and zone packets stage workshop geometry without confirming it before worker ready
  ---
  duration_ms: 3.394589
  type: 'test'
  ...
1..62
# tests 62
# suites 0
# pass 62
# fail 0
# cancelled 0
# skipped 0
# todo 0
# duration_ms 6673.622163
