TAP version 13
# Subtest: workshop exposes exact current host or movement blocker and recovers readiness without sending commands
not ok 1 - workshop exposes exact current host or movement blocker and recovers readiness without sending commands
  ---
  duration_ms: 113.459501
  type: 'test'
  location: '/workspace/axiom-dot/tests/workshop-construction-feedback.test.ts:10:1'
  failureType: 'testCodeFailure'
  error: |-
    Expected values to be strictly equal:
    
    false !== true
    
  code: 'ERR_ASSERTION'
  name: 'AssertionError'
  expected: true
  actual: false
  operator: 'strictEqual'
  stack: |-
    TestContext.<anonymous> (file:///workspace/axiom-dot/tests/workshop-construction-feedback.test.ts:12:9)
    Test.runInAsyncScope (node:async_hooks:214:14)
    Test.run (node:internal/test_runner/test:1047:25)
    Test.start (node:internal/test_runner/test:944:17)
    startSubtestAfterBootstrap (node:internal/test_runner/harness:296:17)
  ...
# Subtest: synchronous rejected build reports false or the exact rejection reason without claiming dispatch or changing the plan
not ok 2 - synchronous rejected build reports false or the exact rejection reason without claiming dispatch or changing the plan
  ---
  duration_ms: 62.536484
  type: 'test'
  location: '/workspace/axiom-dot/tests/workshop-construction-feedback.test.ts:14:1'
  failureType: 'testCodeFailure'
  error: |-
    The input did not match the regular expression /not sent|rejected/i. Input:
    
    'Build request sent. Authoritative campaign state determines acceptance and payment.'
    
  code: 'ERR_ASSERTION'
  name: 'AssertionError'
  expected:
  actual: 'Build request sent. Authoritative campaign state determines acceptance and payment.'
  operator: 'match'
  stack: |-
    TestContext.<anonymous> (file:///workspace/axiom-dot/tests/workshop-construction-feedback.test.ts:16:76)
    Test.runInAsyncScope (node:async_hooks:214:14)
    Test.run (node:internal/test_runner/test:1047:25)
    Test.processPendingSubtests (node:internal/test_runner/test:744:18)
    Test.postRun (node:internal/test_runner/test:1173:19)
    Test.run (node:internal/test_runner/test:1101:12)
    async startSubtestAfterBootstrap (node:internal/test_runner/harness:296:3)
  ...
# Subtest: paid repair rejection preserves earned workshop and exposes the dispatcher reason
not ok 3 - paid repair rejection preserves earned workshop and exposes the dispatcher reason
  ---
  duration_ms: 47.146151
  type: 'test'
  location: '/workspace/axiom-dot/tests/workshop-construction-feedback.test.ts:18:1'
  failureType: 'testCodeFailure'
  error: |-
    The input did not match the regular expression /Repair was rejected/. Input:
    
    'Paid repair request sent.'
    
  code: 'ERR_ASSERTION'
  name: 'AssertionError'
  expected:
  actual: 'Paid repair request sent.'
  operator: 'match'
  stack: |-
    TestContext.<anonymous> (file:///workspace/axiom-dot/tests/workshop-construction-feedback.test.ts:20:73)
    Test.runInAsyncScope (node:async_hooks:214:14)
    Test.run (node:internal/test_runner/test:1047:25)
    Test.processPendingSubtests (node:internal/test_runner/test:744:18)
    Test.postRun (node:internal/test_runner/test:1173:19)
    Test.run (node:internal/test_runner/test:1101:12)
    async Test.processPendingSubtests (node:internal/test_runner/test:744:7)
  ...
# Subtest: a rejection between polls refreshes finite stock and disabled actions without discarding unapplied recipe fields
not ok 4 - a rejection between polls refreshes finite stock and disabled actions without discarding unapplied recipe fields
  ---
  duration_ms: 21.807948
  type: 'test'
  location: '/workspace/axiom-dot/tests/workshop-construction-feedback.test.ts:22:1'
  failureType: 'testCodeFailure'
  error: |-
    The input did not match the regular expression /Available: 0/. Input:
    
    'Build payment: 31 shared town materials. Available: 120.\n' +
      'Achieved prefabrication: 72 seconds. Recipe quantities: {"labor":24,"metal":5,"stone":24,"timber":17}.\n' +
      'Completed service: repair up to 25 suit HP for 4 shared materials.'
    
  code: 'ERR_ASSERTION'
  name: 'AssertionError'
  expected:
  actual: |-
    Build payment: 31 shared town materials. Available: 120.
    Achieved prefabrication: 72 seconds. Recipe quantities: {"labor":24,"metal":5,"stone":24,"timber":17}.
    Completed service: repair up to 25 suit HP for 4 shared materials.
  operator: 'match'
  stack: |-
    TestContext.<anonymous> (file:///workspace/axiom-dot/tests/workshop-construction-feedback.test.ts:23:398)
    Test.runInAsyncScope (node:async_hooks:214:14)
    Test.run (node:internal/test_runner/test:1047:25)
    Test.processPendingSubtests (node:internal/test_runner/test:744:18)
    Test.postRun (node:internal/test_runner/test:1173:19)
    Test.run (node:internal/test_runner/test:1101:12)
    async Test.processPendingSubtests (node:internal/test_runner/test:744:7)
  ...
# Subtest: dismiss and reopen retires old controls and reads fresh stock and readiness
ok 5 - dismiss and reopen retires old controls and reads fresh stock and readiness
  ---
  duration_ms: 57.833951
  type: 'test'
  ...
1..5
# tests 5
# suites 0
# pass 1
# fail 4
# cancelled 0
# skipped 0
# todo 0
# duration_ms 862.825619
