TAP version 13
# (node:12004) ExperimentalWarning: stripTypeScriptTypes is an experimental feature and might change at any time
# (Use `node --trace-warnings ...` to show where the warning was created)
# Subtest: actual main habitat care controls require achieved ground pose, nearby confirmed terrain, clear path and shared host
not ok 1 - actual main habitat care controls require achieved ground pose, nearby confirmed terrain, clear path and shared host
  ---
  duration_ms: 429.800189
  type: 'test'
  location: '/tmp/restoration-care-main-before.mts:9:1'
  failureType: 'testCodeFailure'
  error: 'production function restorationCareReady'
  code: 'ERR_ASSERTION'
  name: 'AssertionError'
  expected: true
  actual: false
  operator: '=='
  stack: |-
    mainFunction (file:///workspace/axiom-dot/tests/helpers/main-source.ts:6:51)
    TestContext.<anonymous> (file:///tmp/restoration-care-main-before.mts:13:67)
    Test.runInAsyncScope (node:async_hooks:214:14)
    Test.run (node:internal/test_runner/test:1047:25)
    Test.start (node:internal/test_runner/test:944:17)
    startSubtestAfterBootstrap (node:internal/test_runner/harness:296:17)
  ...
# Subtest: main care transfer dispatch rejects blocked input before reducers and routes accepted requests through authority
not ok 2 - main care transfer dispatch rejects blocked input before reducers and routes accepted requests through authority
  ---
  duration_ms: 31.677243
  type: 'test'
  location: '/tmp/restoration-care-main-before.mts:18:1'
  failureType: 'testCodeFailure'
  error: |-
    Expected values to be strictly equal:
    
    1 !== 0
    
  code: 'ERR_ASSERTION'
  name: 'AssertionError'
  expected: 0
  actual: 1
  operator: 'strictEqual'
  stack: |-
    TestContext.<anonymous> (file:///tmp/restoration-care-main-before.mts:22:26)
    Test.runInAsyncScope (node:async_hooks:214:14)
    Test.run (node:internal/test_runner/test:1047:25)
    Test.processPendingSubtests (node:internal/test_runner/test:744:18)
    Test.postRun (node:internal/test_runner/test:1173:19)
    Test.run (node:internal/test_runner/test:1101:12)
    async startSubtestAfterBootstrap (node:internal/test_runner/harness:296:3)
  ...
# Subtest: care entry points, progress refresh, disposal and save dirtiness are wired into production main
not ok 3 - care entry points, progress refresh, disposal and save dirtiness are wired into production main
  ---
  duration_ms: 0.583607
  type: 'test'
  location: '/tmp/restoration-care-main-before.mts:24:1'
  failureType: 'testCodeFailure'
  error: "type==='restoration-care'"
  code: 'ERR_ASSERTION'
  name: 'AssertionError'
  expected: true
  actual: false
  operator: '=='
  stack: |-
    TestContext.<anonymous> (file:///tmp/restoration-care-main-before.mts:25:425)
    Test.runInAsyncScope (node:async_hooks:214:14)
    Test.run (node:internal/test_runner/test:1047:25)
    Test.processPendingSubtests (node:internal/test_runner/test:744:18)
    Test.postRun (node:internal/test_runner/test:1173:19)
    Test.run (node:internal/test_runner/test:1101:12)
    async Test.processPendingSubtests (node:internal/test_runner/test:744:7)
  ...
1..3
# tests 3
# suites 0
# pass 0
# fail 3
# cancelled 0
# skipped 0
# todo 0
# duration_ms 1382.673265
