TAP version 13
# (node:21528) ExperimentalWarning: stripTypeScriptTypes is an experimental feature and might change at any time
# (Use `node --trace-warnings ...` to show where the warning was created)
# Subtest: town guidance re-enables real legacy buttons after a blocked regional objective
not ok 1 - town guidance re-enables real legacy buttons after a blocked regional objective
  ---
  duration_ms: 7.854055
  type: 'test'
  location: '/workspace/axiom-dot/tests/campaign-guidance-main.test.ts:7:1'
  failureType: 'testCodeFailure'
  error: |-
    Expected values to be strictly equal:
    
    true !== false
    
  code: 'ERR_ASSERTION'
  name: 'AssertionError'
  expected: false
  actual: true
  operator: 'strictEqual'
  stack: |-
    TestContext.<anonymous> (file:///workspace/axiom-dot/tests/campaign-guidance-main.test.ts:10:229)
    Test.runInAsyncScope (node:async_hooks:214:14)
    Test.run (node:internal/test_runner/test:1047:25)
    Test.start (node:internal/test_runner/test:944:17)
    startSubtestAfterBootstrap (node:internal/test_runner/harness:296:17)
  ...
1..1
# tests 1
# suites 0
# pass 0
# fail 1
# cancelled 0
# skipped 0
# todo 0
# duration_ms 167.04882
